/**
to_date

   1. 用法：TO_DATE(string, format)
   2. 说明：把文本转化成为给定格式的时间格式
   3. 示例：TO_DATE (销售日期, '%Y-%m-%d')
   4. 参数类型：string: 文本类型字段
      ​				 format:  日期格式，例如'%Y-%m-%d'
   5. 参考
   %Y	Year, numeric, four digits
   %y	Year, numeric (two digits)
   %M	Month name (January..December)
   %m	Month, numeric (00..12)
   %D	Day of the month with English suffix (0th, 1st, 2nd, 3rd, …)
   %d	Day of the month, numeric (00..31)
   %H	Hour (00..23)
   %h	Hour (01..12)
   %i	Minutes, numeric (00..59)
   %s	Seconds (00..59)
*/
[日期函数]::TO_DATE(text:String, format:String): DATE       -> STR_TO_DATE($1,$2)


/**
DATEDIFF

    1. 用法：DATEDIFF(String unit, TIMESTAMP / DATE enddate, TIMESTAMP / DATE startdate)
    2. 说明：计算两个时间相隔unit的数量, enddate - startdate
            unit：'day', 'week', 'month', 'quarter', 'year'
    3. 示例：DATEDIFF('2010-11-30 23:59:59','2010-12-31') = -31
    4. 参数：enddate, startdate
*/
[日期函数]::DATEDIFF(unit:String:['day','week','month','quarter','year'],  enddate: Date, startdate: Date): Integer     -> TIMESTAMPDIFF({"$1".substring(1, "$1".length()-1)},  $3, $2)

/**
DATEDIFF

    1. 用法：DATEDIFF(String unit, TIMESTAMP / DATE enddate, TIMESTAMP / DATE startdate)
    2. 说明：计算两个时间相隔unit的数量, enddate - startdate

    3. 示例：DATEDIFF('2010-11-30 23:59:59','2010-12-31') = -31
    4. 参数：unit：'day', 'week', 'month', 'quarter', 'year'
            enddate: 结束时间
            startdate: 开始时间
*/
[日期函数]::DATEDIFF(unit:String:['day','week','month','quarter','year'], enddate: DATETIME, startdate: DATETIME): Integer  -> TIMESTAMPDIFF({"$1".substring(1, "$1".length()-1)},  $3, $2)